Archive member included to satisfy reference by file (symbol)

/Users/atakane/opt/gcc-arm-none-eabi-8-2018-q4-major/bin/../lib/gcc/arm-none-eabi/8.2.1/../../../../arm-none-eabi/lib/thumb/v7-m/nofp/libg_nano.a(lib_a-errno.o)
                              ./system/src/newlib/_sbrk.o (__errno)
/Users/atakane/opt/gcc-arm-none-eabi-8-2018-q4-major/bin/../lib/gcc/arm-none-eabi/8.2.1/../../../../arm-none-eabi/lib/thumb/v7-m/nofp/libg_nano.a(lib_a-impure.o)
                              /Users/atakane/opt/gcc-arm-none-eabi-8-2018-q4-major/bin/../lib/gcc/arm-none-eabi/8.2.1/../../../../arm-none-eabi/lib/thumb/v7-m/nofp/libg_nano.a(lib_a-errno.o) (_impure_ptr)
/Users/atakane/opt/gcc-arm-none-eabi-8-2018-q4-major/bin/../lib/gcc/arm-none-eabi/8.2.1/../../../../arm-none-eabi/lib/thumb/v7-m/nofp/libg_nano.a(lib_a-malloc.o)
                              ./src/sim800.o (free)
/Users/atakane/opt/gcc-arm-none-eabi-8-2018-q4-major/bin/../lib/gcc/arm-none-eabi/8.2.1/../../../../arm-none-eabi/lib/thumb/v7-m/nofp/libg_nano.a(lib_a-memcpy-stub.o)
                              ./src/sim800.o (memcpy)
/Users/atakane/opt/gcc-arm-none-eabi-8-2018-q4-major/bin/../lib/gcc/arm-none-eabi/8.2.1/../../../../arm-none-eabi/lib/thumb/v7-m/nofp/libg_nano.a(lib_a-nano-freer.o)
                              /Users/atakane/opt/gcc-arm-none-eabi-8-2018-q4-major/bin/../lib/gcc/arm-none-eabi/8.2.1/../../../../arm-none-eabi/lib/thumb/v7-m/nofp/libg_nano.a(lib_a-malloc.o) (_free_r)
/Users/atakane/opt/gcc-arm-none-eabi-8-2018-q4-major/bin/../lib/gcc/arm-none-eabi/8.2.1/../../../../arm-none-eabi/lib/thumb/v7-m/nofp/libg_nano.a(lib_a-nano-mallocr.o)
                              /Users/atakane/opt/gcc-arm-none-eabi-8-2018-q4-major/bin/../lib/gcc/arm-none-eabi/8.2.1/../../../../arm-none-eabi/lib/thumb/v7-m/nofp/libg_nano.a(lib_a-malloc.o) (_malloc_r)
/Users/atakane/opt/gcc-arm-none-eabi-8-2018-q4-major/bin/../lib/gcc/arm-none-eabi/8.2.1/../../../../arm-none-eabi/lib/thumb/v7-m/nofp/libg_nano.a(lib_a-realloc.o)
                              ./src/neo_gps.o (realloc)
/Users/atakane/opt/gcc-arm-none-eabi-8-2018-q4-major/bin/../lib/gcc/arm-none-eabi/8.2.1/../../../../arm-none-eabi/lib/thumb/v7-m/nofp/libg_nano.a(lib_a-sbrkr.o)
                              /Users/atakane/opt/gcc-arm-none-eabi-8-2018-q4-major/bin/../lib/gcc/arm-none-eabi/8.2.1/../../../../arm-none-eabi/lib/thumb/v7-m/nofp/libg_nano.a(lib_a-nano-mallocr.o) (_sbrk_r)
/Users/atakane/opt/gcc-arm-none-eabi-8-2018-q4-major/bin/../lib/gcc/arm-none-eabi/8.2.1/../../../../arm-none-eabi/lib/thumb/v7-m/nofp/libg_nano.a(lib_a-sprintf.o)
                              ./src/sim800.o (sprintf)
/Users/atakane/opt/gcc-arm-none-eabi-8-2018-q4-major/bin/../lib/gcc/arm-none-eabi/8.2.1/../../../../arm-none-eabi/lib/thumb/v7-m/nofp/libg_nano.a(lib_a-strlen.o)
                              ./system/src/diag/Trace.o (strlen)
/Users/atakane/opt/gcc-arm-none-eabi-8-2018-q4-major/bin/../lib/gcc/arm-none-eabi/8.2.1/../../../../arm-none-eabi/lib/thumb/v7-m/nofp/libg_nano.a(lib_a-strstr.o)
                              ./src/main.o (strstr)
/Users/atakane/opt/gcc-arm-none-eabi-8-2018-q4-major/bin/../lib/gcc/arm-none-eabi/8.2.1/../../../../arm-none-eabi/lib/thumb/v7-m/nofp/libg_nano.a(lib_a-vsnprintf.o)
                              ./system/src/diag/Trace.o (vsnprintf)
/Users/atakane/opt/gcc-arm-none-eabi-8-2018-q4-major/bin/../lib/gcc/arm-none-eabi/8.2.1/../../../../arm-none-eabi/lib/thumb/v7-m/nofp/libg_nano.a(lib_a-mlock.o)
                              /Users/atakane/opt/gcc-arm-none-eabi-8-2018-q4-major/bin/../lib/gcc/arm-none-eabi/8.2.1/../../../../arm-none-eabi/lib/thumb/v7-m/nofp/libg_nano.a(lib_a-nano-freer.o) (__malloc_lock)
/Users/atakane/opt/gcc-arm-none-eabi-8-2018-q4-major/bin/../lib/gcc/arm-none-eabi/8.2.1/../../../../arm-none-eabi/lib/thumb/v7-m/nofp/libg_nano.a(lib_a-nano-reallocr.o)
                              /Users/atakane/opt/gcc-arm-none-eabi-8-2018-q4-major/bin/../lib/gcc/arm-none-eabi/8.2.1/../../../../arm-none-eabi/lib/thumb/v7-m/nofp/libg_nano.a(lib_a-realloc.o) (_realloc_r)
/Users/atakane/opt/gcc-arm-none-eabi-8-2018-q4-major/bin/../lib/gcc/arm-none-eabi/8.2.1/../../../../arm-none-eabi/lib/thumb/v7-m/nofp/libg_nano.a(lib_a-nano-svfprintf.o)
                              /Users/atakane/opt/gcc-arm-none-eabi-8-2018-q4-major/bin/../lib/gcc/arm-none-eabi/8.2.1/../../../../arm-none-eabi/lib/thumb/v7-m/nofp/libg_nano.a(lib_a-sprintf.o) (_svfprintf_r)
/Users/atakane/opt/gcc-arm-none-eabi-8-2018-q4-major/bin/../lib/gcc/arm-none-eabi/8.2.1/../../../../arm-none-eabi/lib/thumb/v7-m/nofp/libg_nano.a(lib_a-nano-vfprintf_i.o)
                              /Users/atakane/opt/gcc-arm-none-eabi-8-2018-q4-major/bin/../lib/gcc/arm-none-eabi/8.2.1/../../../../arm-none-eabi/lib/thumb/v7-m/nofp/libg_nano.a(lib_a-nano-svfprintf.o) (_printf_i)
/Users/atakane/opt/gcc-arm-none-eabi-8-2018-q4-major/bin/../lib/gcc/arm-none-eabi/8.2.1/../../../../arm-none-eabi/lib/thumb/v7-m/nofp/libg_nano.a(lib_a-lock.o)
[...]
Memory Configuration

Name             Origin             Length             Attributes
RAM              0x0000000020000000 0x0000000000005000 xrw
CCMRAM           0x0000000000000000 0x0000000000000000 xrw
FLASH            0x0000000008000000 0x0000000000020000 xr
FLASHB1          0x0000000000000000 0x0000000000000000 xr
EXTMEMB0         0x0000000000000000 0x0000000000000000 xr
EXTMEMB1         0x0000000000000000 0x0000000000000000 xr
EXTMEMB2         0x0000000000000000 0x0000000000000000 xr
EXTMEMB3         0x0000000000000000 0x0000000000000000 xr
MEMORY_ARRAY     0x0000000000000000 0x0000000000000000 xrw
*default*        0x0000000000000000 0xffffffffffffffff

Linker script and memory map

LOAD ./system/src/stm32f1-stdperiph/misc.o
LOAD ./system/src/stm32f1-stdperiph/stm32f10x_gpio.o
LOAD ./system/src/stm32f1-stdperiph/stm32f10x_rcc.o
LOAD ./system/src/stm32f1-stdperiph/stm32f10x_usart.o
LOAD ./system/src/newlib/_cxx.o
LOAD ./system/src/newlib/_exit.o
LOAD ./system/src/newlib/_sbrk.o
LOAD ./system/src/newlib/_startup.o
LOAD ./system/src/newlib/_syscalls.o
LOAD ./system/src/newlib/assert.o
LOAD ./system/src/diag/Trace.o
LOAD ./system/src/diag/trace_impl.o
LOAD ./system/src/cortexm/_initialize_hardware.o
LOAD ./system/src/cortexm/_reset_hardware.o
LOAD ./system/src/cortexm/exception_handlers.o
LOAD ./system/src/cmsis/system_stm32f10x.o
LOAD ./system/src/cmsis/vectors_stm32f10x.o
LOAD ./src/_write.o
LOAD ./src/delay.o
LOAD ./src/main.o
LOAD ./src/neo_gps.o
LOAD ./src/sim800.o
LOAD ./src/usart.o
LOAD /Users/atakane/opt/gcc-arm-none-eabi-8-2018-q4-major/bin/../lib/gcc/arm-none-eabi/8.2.1/../../../../arm-none-eabi/lib/thumb/v7-m/nofp/libstdc++_nano.a
LOAD /Users/atakane/opt/gcc-arm-none-eabi-8-2018-q4-major/bin/../lib/gcc/arm-none-eabi/8.2.1/../../../../arm-none-eabi/lib/thumb/v7-m/nofp/libm.a
START GROUP
LOAD /Users/atakane/opt/gcc-arm-none-eabi-8-2018-q4-major/bin/../lib/gcc/arm-none-eabi/8.2.1/thumb/v7-m/nofp/libgcc.a
LOAD /Users/atakane/opt/gcc-arm-none-eabi-8-2018-q4-major/bin/../lib/gcc/arm-none-eabi/8.2.1/../../../../arm-none-eabi/lib/thumb/v7-m/nofp/libg_nano.a
LOAD /Users/atakane/opt/gcc-arm-none-eabi-8-2018-q4-major/bin/../lib/gcc/arm-none-eabi/8.2.1/../../../../arm-none-eabi/lib/thumb/v7-m/nofp/libc_nano.a
END GROUP
START GROUP
LOAD /Users/atakane/opt/gcc-arm-none-eabi-8-2018-q4-major/bin/../lib/gcc/arm-none-eabi/8.2.1/thumb/v7-m/nofp/libgcc.a
LOAD /Users/atakane/opt/gcc-arm-none-eabi-8-2018-q4-major/bin/../lib/gcc/arm-none-eabi/8.2.1/../../../../arm-none-eabi/lib/thumb/v7-m/nofp/libc_nano.a
END GROUP
                0x0000000020005000                __stack = (ORIGIN (RAM) + LENGTH (RAM))
                0x0000000020005000                _estack = __stack
                0x0000000000000400                __Main_Stack_Size = 0x400
                [!provide]                        PROVIDE (_Main_Stack_Size = __Main_Stack_Size)
                0x0000000020004c00                __Main_Stack_Limit = (__stack - __Main_Stack_Size)
                [!provide]                        PROVIDE (_Main_Stack_Limit = __Main_Stack_Limit)
                0x0000000000000100                _Minimum_Stack_Size = 0x100
                0x0000000020000244                PROVIDE (_Heap_Begin = _end_noinit)
                0x0000000020004c00                PROVIDE (_Heap_Limit = (__stack - __Main_Stack_Size))

.isr_vector     0x0000000008000000      0x350
 FILL mask 0xff
                0x0000000008000000                __vectors_start = ABSOLUTE (.)
                0x0000000008000000                __vectors_start__ = ABSOLUTE (.)
 *(.isr_vector)
 .isr_vector    0x0000000008000000      0x10c ./system/src/cmsis/vectors_stm32f10x.o
                0x0000000008000000                __isr_vectors
 *(.cfmconfig)
 *(.after_vectors .after_vectors.*)
 .after_vectors
                0x000000000800010c      0x114 ./system/src/newlib/_startup.o
                0x000000000800010c                _start
 .after_vectors
                0x0000000008000220      0x12c ./system/src/cortexm/exception_handlers.o
                0x0000000008000220                Reset_Handler
                0x0000000008000226                NMI_Handler
                0x000000000800022a                HardFault_Handler
                0x000000000800023e                HardFault_Handler_C
                0x000000000800029c                MemManage_Handler
                0x00000000080002a0                BusFault_Handler
                0x00000000080002b4                BusFault_Handler_C
                0x00000000080002e8                UsageFault_Handler
                0x00000000080002fc                UsageFault_Handler_C
                0x0000000008000330                SVC_Handler
                0x0000000008000334                DebugMon_Handler
                0x0000000008000338                PendSV_Handler
 .after_vectors
                0x000000000800034c        0x4 ./system/src/cmsis/vectors_stm32f10x.o
                0x000000000800034c                TIM1_BRK_TIM15_IRQHandler
                0x000000000800034c                TIM8_TRG_COM_IRQHandler
                0x000000000800034c                TIM8_CC_IRQHandler
                0x000000000800034c                TIM1_CC_IRQHandler
                0x000000000800034c                TIM6_IRQHandler
                0x000000000800034c                PVD_IRQHandler
                0x000000000800034c                SDIO_IRQHandler
                0x000000000800034c                CAN2_RX1_IRQHandler
                0x000000000800034c                EXTI3_IRQHandler
                0x000000000800034c                TIM8_TRG_COM_TIM14_IRQHandler
                0x000000000800034c                TIM1_UP_TIM10_IRQHandler
                0x000000000800034c                TIM8_UP_TIM13_IRQHandler
                0x000000000800034c                EXTI0_IRQHandler
                0x000000000800034c                I2C2_EV_IRQHandler
                0x000000000800034c                CAN1_RX0_IRQHandler
                0x000000000800034c                TIM1_UP_TIM16_IRQHandler
                0x000000000800034c                CAN2_SCE_IRQHandler
                0x000000000800034c                ADC1_2_IRQHandler
                0x000000000800034c                SPI1_IRQHandler
                0x000000000800034c                TAMPER_IRQHandler
                0x000000000800034c                TIM6_DAC_IRQHandler
                0x000000000800034c                TIM1_BRK_TIM9_IRQHandler
                0x000000000800034c                CAN2_RX0_IRQHandler
                0x000000000800034c                TIM8_UP_IRQHandler
                0x000000000800034c                DMA2_Channel2_IRQHandler
                0x000000000800034c                DMA1_Channel4_IRQHandler
                0x000000000800034c                USART3_IRQHandler
                0x000000000800034c                RTC_IRQHandler
                0x000000000800034c                DMA1_Channel7_IRQHandler
                0x000000000800034c                CAN1_RX1_IRQHandler
                0x000000000800034c                UART5_IRQHandler
                0x000000000800034c                ADC3_IRQHandler
                0x000000000800034c                TIM4_IRQHandler
                0x000000000800034c                DMA2_Channel1_IRQHandler
                0x000000000800034c                I2C1_EV_IRQHandler
                0x000000000800034c                DMA1_Channel6_IRQHandler
                0x000000000800034c                UART4_IRQHandler
                0x000000000800034c                DMA2_Channel4_IRQHandler
                0x000000000800034c                TIM3_IRQHandler
                0x000000000800034c                RCC_IRQHandler
                0x000000000800034c                TIM8_BRK_TIM12_IRQHandler
                0x000000000800034c                TIM1_TRG_COM_IRQHandler
                0x000000000800034c                DMA1_Channel1_IRQHandler
                0x000000000800034c                Default_Handler
                0x000000000800034c                CEC_IRQHandler
                0x000000000800034c                EXTI15_10_IRQHandler
                0x000000000800034c                TIM14_IRQHandler
                0x000000000800034c                TIM13_IRQHandler
                0x000000000800034c                TIM12_IRQHandler
                0x000000000800034c                TIM7_IRQHandler
                0x000000000800034c                CAN2_TX_IRQHandler
                0x000000000800034c                TIM5_IRQHandler
                0x000000000800034c                EXTI9_5_IRQHandler
                0x000000000800034c                ETH_WKUP_IRQHandler
                0x000000000800034c                SPI2_IRQHandler
                0x000000000800034c                CAN1_TX_IRQHandler
                0x000000000800034c                DMA2_Channel5_IRQHandler
                0x000000000800034c                DMA1_Channel5_IRQHandler
                0x000000000800034c                EXTI4_IRQHandler
                0x000000000800034c                USB_LP_CAN1_RX0_IRQHandler
                0x000000000800034c                TIM1_TRG_COM_TIM17_IRQHandler
                0x000000000800034c                USB_HP_CAN1_TX_IRQHandler
                0x000000000800034c                DMA1_Channel3_IRQHandler
                0x000000000800034c                FSMC_IRQHandler
                0x000000000800034c                ETH_IRQHandler
                0x000000000800034c                TIM1_UP_IRQHandler
                0x000000000800034c                WWDG_IRQHandler
                0x000000000800034c                TIM2_IRQHandler
                0x000000000800034c                OTG_FS_WKUP_IRQHandler
                0x000000000800034c                TIM1_TRG_COM_TIM11_IRQHandler
                0x000000000800034c                TIM1_BRK_IRQHandler
                0x000000000800034c                EXTI1_IRQHandler
                0x000000000800034c                RTCAlarm_IRQHandler
                0x000000000800034c                DMA2_Channel4_5_IRQHandler
                0x000000000800034c                USART2_IRQHandler
                0x000000000800034c                I2C2_ER_IRQHandler
                0x000000000800034c                DMA1_Channel2_IRQHandler
                0x000000000800034c                TIM8_BRK_IRQHandler
                0x000000000800034c                CAN1_SCE_IRQHandler
                0x000000000800034c                FLASH_IRQHandler
                0x000000000800034c                USART1_IRQHandler
                0x000000000800034c                OTG_FS_IRQHandler
                0x000000000800034c                SPI3_IRQHandler
                0x000000000800034c                I2C1_ER_IRQHandler
                0x000000000800034c                USBWakeUp_IRQHandler
                0x000000000800034c                DMA2_Channel3_IRQHandler
                0x000000000800034c                EXTI2_IRQHandler

.inits          0x0000000008000350       0x28
                0x0000000008000350                __data_regions_array_start = .
                0x0000000008000350        0x4 LONG 0x8001eb4 LOADADDR (.data)
                0x0000000008000354        0x4 LONG 0x20000000 ADDR (.data)
                0x0000000008000358        0x4 LONG 0x200000a0 (ADDR (.data) + SIZEOF (.data))
                0x000000000800035c        0x4 LONG 0x8001eb4 LOADADDR (.data_CCMRAM)
                0x0000000008000360        0x4 LONG 0x0 ADDR (.data_CCMRAM)
                0x0000000008000364        0x4 LONG 0x0 (ADDR (.data_CCMRAM) + SIZEOF (.data_CCMRAM))
                0x0000000008000368                __data_regions_array_end = .
                0x0000000008000368                __bss_regions_array_start = .
                0x0000000008000368        0x4 LONG 0x200000a0 ADDR (.bss)
                0x000000000800036c        0x4 LONG 0x20000244 (ADDR (.bss) + SIZEOF (.bss))
                0x0000000008000370        0x4 LONG 0x0 ADDR (.bss_CCMRAM)
                0x0000000008000374        0x4 LONG 0x0 (ADDR (.bss_CCMRAM) + SIZEOF (.bss_CCMRAM))
                0x0000000008000378                __bss_regions_array_end = .
 *(.init)
 *(.fini)
                0x0000000008000378                . = ALIGN (0x4)
                0x0000000008000378                PROVIDE (__preinit_array_start = .)
 *(.preinit_array_sysinit .preinit_array_sysinit.*)
 *(.preinit_array_platform .preinit_array_platform.*)
 *(.preinit_array .preinit_array.*)
                0x0000000008000378                PROVIDE (__preinit_array_end = .)
                0x0000000008000378                . = ALIGN (0x4)
                0x0000000008000378                PROVIDE (__init_array_start = .)
 *(SORT_BY_NAME(.init_array.*))
 *(.init_array)
                0x0000000008000378                PROVIDE (__init_array_end = .)
                0x0000000008000378                . = ALIGN (0x4)
                0x0000000008000378                PROVIDE (__fini_array_start = .)
 *(SORT_BY_NAME(.fini_array.*))
 *(.fini_array)
                0x0000000008000378                PROVIDE (__fini_array_end = .)

.flashtext
 *(.flashtext .flashtext.*)

.text           0x0000000008000378     0x1b3b
 *(.text .text.*)
 .text.GPIO_Init
                0x0000000008000378      0x134 ./system/src/stm32f1-stdperiph/stm32f10x_gpio.o
                0x0000000008000378                GPIO_Init
 .text.RCC_GetClocksFreq
                0x00000000080004ac       0xbc ./system/src/stm32f1-stdperiph/stm32f10x_rcc.o
                0x00000000080004ac                RCC_GetClocksFreq
 .text.RCC_APB2PeriphClockCmd
                0x0000000008000568       0x4c ./system/src/stm32f1-stdperiph/stm32f10x_rcc.o
                0x0000000008000568                RCC_APB2PeriphClockCmd
 .text.RCC_APB1PeriphClockCmd
                0x00000000080005b4       0x4c ./system/src/stm32f1-stdperiph/stm32f10x_rcc.o
                0x00000000080005b4                RCC_APB1PeriphClockCmd
 .text.USART_Init
                0x0000000008000600      0x1b8 ./system/src/stm32f1-stdperiph/stm32f10x_usart.o
                0x0000000008000600                USART_Init
 .text.USART_Cmd
                0x00000000080007b8       0x68 ./system/src/stm32f1-stdperiph/stm32f10x_usart.o
                0x00000000080007b8                USART_Cmd
 .text.USART_ClearFlag
                0x0000000008000820       0x80 ./system/src/stm32f1-stdperiph/stm32f10x_usart.o
                0x0000000008000820                USART_ClearFlag
 .text._exit    0x00000000080008a0        0x2 ./system/src/newlib/_exit.o
                0x00000000080008a0                _exit
 *fill*         0x00000000080008a2        0x2 
 .text.abort    0x00000000080008a4       0x14 ./system/src/newlib/_exit.o
                0x00000000080008a4                abort
 .text._sbrk    0x00000000080008b8       0x44 ./system/src/newlib/_sbrk.o
                0x00000000080008b8                _sbrk
 .text.__initialize_args
                0x00000000080008fc       0x10 ./system/src/newlib/_syscalls.o
                0x00000000080008fc                __initialize_args
 .text.assert_failed
                0x000000000800090c       0x14 ./system/src/newlib/assert.o
                0x000000000800090c                assert_failed
 .text.trace_printf
                0x0000000008000920       0x34 ./system/src/diag/Trace.o
                0x0000000008000920                trace_printf
 .text.trace_puts
                0x0000000008000954       0x20 ./system/src/diag/Trace.o
                0x0000000008000954                trace_puts
 .text._trace_write_semihosting_debug
                0x0000000008000974       0x60 ./system/src/diag/trace_impl.o
 .text.trace_write
                0x00000000080009d4        0x8 ./system/src/diag/trace_impl.o
                0x00000000080009d4                trace_write
 .text.__initialize_hardware_early
                0x00000000080009dc       0x18 ./system/src/cortexm/_initialize_hardware.o
                0x00000000080009dc                __initialize_hardware_early
 .text.__initialize_hardware
                0x00000000080009f4        0x8 ./system/src/cortexm/_initialize_hardware.o
                0x00000000080009f4                __initialize_hardware
 .text.dumpExceptionStack
                0x00000000080009fc       0xf4 ./system/src/cortexm/exception_handlers.o
                0x00000000080009fc                dumpExceptionStack
 .text.isSemihosting
                0x0000000008000af0       0x20 ./system/src/cortexm/exception_handlers.o
                0x0000000008000af0                isSemihosting
 .text.SetSysClockTo72
                0x0000000008000b10       0xc4 ./system/src/cmsis/system_stm32f10x.o
 .text.SetSysClock
                0x0000000008000bd4        0x8 ./system/src/cmsis/system_stm32f10x.o
 .text.SystemInit
                0x0000000008000bdc       0x50 ./system/src/cmsis/system_stm32f10x.o
                0x0000000008000bdc                SystemInit
 .text.SystemCoreClockUpdate
                0x0000000008000c2c       0x94 ./system/src/cmsis/system_stm32f10x.o
                0x0000000008000c2c                SystemCoreClockUpdate
 .text.SysTick_Init
                0x0000000008000cc0       0x3c ./src/delay.o
                0x0000000008000cc0                SysTick_Init
 .text.TimerDecrement
                0x0000000008000cfc       0x14 ./src/delay.o
                0x0000000008000cfc                TimerDecrement
 .text.SysTick_Handler
                0x0000000008000d10        0x8 ./src/delay.o
                0x0000000008000d10                SysTick_Handler
 .text.delay_ms
                0x0000000008000d18       0x20 ./src/delay.o
                0x0000000008000d18                delay_ms
 .text.main     0x0000000008000d38       0xf8 ./src/main.o
                0x0000000008000d38                main
 .text.GSM_Init
                0x0000000008000e30       0x2a ./src/sim800.o
                0x0000000008000e30                GSM_Init
 *fill*         0x0000000008000e5a        0x2 
 .text.GSM_Resp_Check
                0x0000000008000e5c       0x18 ./src/sim800.o
                0x0000000008000e5c                GSM_Resp_Check
 .text.GSM_Cmd  0x0000000008000e74       0x14 ./src/sim800.o
                0x0000000008000e74                GSM_Cmd
 .text.GSM_GetResponse
                0x0000000008000e88       0x78 ./src/sim800.o
                0x0000000008000e88                GSM_GetResponse
 .text.GSM_SimStatus
                0x0000000008000f00       0x24 ./src/sim800.o
                0x0000000008000f00                GSM_SimStatus
 .text.GSM_UnlockSim
                0x0000000008000f24       0x28 ./src/sim800.o
                0x0000000008000f24                GSM_UnlockSim
 .text.GSM_NetworkConnCheck
                0x0000000008000f4c       0x24 ./src/sim800.o
                0x0000000008000f4c                GSM_NetworkConnCheck
 .text.GSM_NetworkConnReg
                0x0000000008000f70       0x18 ./src/sim800.o
                0x0000000008000f70                GSM_NetworkConnReg
 .text.UsartGpioInit
                0x0000000008000f88       0xd0 ./src/usart.o
                0x0000000008000f88                UsartGpioInit
 .text.UsartInit
                0x0000000008001058       0x8c ./src/usart.o
                0x0000000008001058                UsartInit
 .text.UsartReceive
                0x00000000080010e4       0x58 ./src/usart.o
                0x00000000080010e4                UsartReceive
 .text.UsartSend
                0x000000000800113c       0x58 ./src/usart.o
                0x000000000800113c                UsartSend
 .text.UsartSendString
                0x0000000008001194       0x1a ./src/usart.o
                0x0000000008001194                UsartSendString
 .text.UsartReceiveString
                0x00000000080011ae       0x32 ./src/usart.o
                0x00000000080011ae                UsartReceiveString
 .text.__errno  0x00000000080011e0        0xc /Users/atakane/opt/gcc-arm-none-eabi-8-2018-q4-major/bin/../lib/gcc/arm-none-eabi/8.2.1/../../../../arm-none-eabi/lib/thumb/v7-m/nofp/libg_nano.a(lib_a-errno.o)
                0x00000000080011e0                __errno
 .text.free     0x00000000080011ec       0x10 /Users/atakane/opt/gcc-arm-none-eabi-8-2018-q4-major/bin/../lib/gcc/arm-none-eabi/8.2.1/../../../../arm-none-eabi/lib/thumb/v7-m/nofp/libg_nano.a(lib_a-malloc.o)
                0x00000000080011ec                free
 .text.memcpy   0x00000000080011fc       0x1c /Users/atakane/opt/gcc-arm-none-eabi-8-2018-q4-major/bin/../lib/gcc/arm-none-eabi/8.2.1/../../../../arm-none-eabi/lib/thumb/v7-m/nofp/libg_nano.a(lib_a-memcpy-stub.o)
                0x00000000080011fc                memcpy
 .text._free_r  0x0000000008001218       0x98 /Users/atakane/opt/gcc-arm-none-eabi-8-2018-q4-major/bin/../lib/gcc/arm-none-eabi/8.2.1/../../../../arm-none-eabi/lib/thumb/v7-m/nofp/libg_nano.a(lib_a-nano-freer.o)
                0x0000000008001218                _free_r
 .text._malloc_r
                0x00000000080012b0       0xb4 /Users/atakane/opt/gcc-arm-none-eabi-8-2018-q4-major/bin/../lib/gcc/arm-none-eabi/8.2.1/../../../../arm-none-eabi/lib/thumb/v7-m/nofp/libg_nano.a(lib_a-nano-mallocr.o)
                0x00000000080012b0                _malloc_r
 .text.realloc  0x0000000008001364       0x10 /Users/atakane/opt/gcc-arm-none-eabi-8-2018-q4-major/bin/../lib/gcc/arm-none-eabi/8.2.1/../../../../arm-none-eabi/lib/thumb/v7-m/nofp/libg_nano.a(lib_a-realloc.o)
                0x0000000008001364                realloc
 .text._sbrk_r  0x0000000008001374       0x20 /Users/atakane/opt/gcc-arm-none-eabi-8-2018-q4-major/bin/../lib/gcc/arm-none-eabi/8.2.1/../../../../arm-none-eabi/lib/thumb/v7-m/nofp/libg_nano.a(lib_a-sbrkr.o)
                0x0000000008001374                _sbrk_r
 .text.sprintf  0x0000000008001394       0x40 /Users/atakane/opt/gcc-arm-none-eabi-8-2018-q4-major/bin/../lib/gcc/arm-none-eabi/8.2.1/../../../../arm-none-eabi/lib/thumb/v7-m/nofp/libg_nano.a(lib_a-sprintf.o)
                0x0000000008001394                sprintf
                0x0000000008001394                siprintf
 .text          0x00000000080013d4       0x10 /Users/atakane/opt/gcc-arm-none-eabi-8-2018-q4-major/bin/../lib/gcc/arm-none-eabi/8.2.1/../../../../arm-none-eabi/lib/thumb/v7-m/nofp/libg_nano.a(lib_a-strlen.o)
                0x00000000080013d4                strlen
 .text.strstr   0x00000000080013e4       0x2e /Users/atakane/opt/gcc-arm-none-eabi-8-2018-q4-major/bin/../lib/gcc/arm-none-eabi/8.2.1/../../../../arm-none-eabi/lib/thumb/v7-m/nofp/libg_nano.a(lib_a-strstr.o)
                0x00000000080013e4                strstr
 .text._vsnprintf_r
                0x0000000008001412       0x58 /Users/atakane/opt/gcc-arm-none-eabi-8-2018-q4-major/bin/../lib/gcc/arm-none-eabi/8.2.1/../../../../arm-none-eabi/lib/thumb/v7-m/nofp/libg_nano.a(lib_a-vsnprintf.o)
                0x0000000008001412                _vsnprintf_r
                0x0000000008001412                _vsniprintf_r
 *fill*         0x000000000800146a        0x2 
 .text.vsnprintf
                0x000000000800146c       0x1c /Users/atakane/opt/gcc-arm-none-eabi-8-2018-q4-major/bin/../lib/gcc/arm-none-eabi/8.2.1/../../../../arm-none-eabi/lib/thumb/v7-m/nofp/libg_nano.a(lib_a-vsnprintf.o)
                0x000000000800146c                vsnprintf
                0x000000000800146c                vsniprintf
 .text.__malloc_lock
                0x0000000008001488        0xc /Users/atakane/opt/gcc-arm-none-eabi-8-2018-q4-major/bin/../lib/gcc/arm-none-eabi/8.2.1/../../../../arm-none-eabi/lib/thumb/v7-m/nofp/libg_nano.a(lib_a-mlock.o)
                0x0000000008001488                __malloc_lock
 .text.__malloc_unlock
                0x0000000008001494        0xc /Users/atakane/opt/gcc-arm-none-eabi-8-2018-q4-major/bin/../lib/gcc/arm-none-eabi/8.2.1/../../../../arm-none-eabi/lib/thumb/v7-m/nofp/libg_nano.a(lib_a-mlock.o)
                0x0000000008001494                __malloc_unlock
 .text._realloc_r
                0x00000000080014a0       0x4c /Users/atakane/opt/gcc-arm-none-eabi-8-2018-q4-major/bin/../lib/gcc/arm-none-eabi/8.2.1/../../../../arm-none-eabi/lib/thumb/v7-m/nofp/libg_nano.a(lib_a-nano-reallocr.o)
                0x00000000080014a0                _realloc_r
 .text.__ssputs_r
                0x00000000080014ec       0xb6 /Users/atakane/opt/gcc-arm-none-eabi-8-2018-q4-major/bin/../lib/gcc/arm-none-eabi/8.2.1/../../../../arm-none-eabi/lib/thumb/v7-m/nofp/libg_nano.a(lib_a-nano-svfprintf.o)
                0x00000000080014ec                __ssputs_r
 *fill*         0x00000000080015a2        0x2 
 .text._svfprintf_r
                0x00000000080015a4      0x1f0 /Users/atakane/opt/gcc-arm-none-eabi-8-2018-q4-major/bin/../lib/gcc/arm-none-eabi/8.2.1/../../../../arm-none-eabi/lib/thumb/v7-m/nofp/libg_nano.a(lib_a-nano-svfprintf.o)
                0x00000000080015a4                _svfprintf_r
                0x00000000080015a4                _svfiprintf_r
 .text._printf_common
                0x0000000008001794       0xec /Users/atakane/opt/gcc-arm-none-eabi-8-2018-q4-major/bin/../lib/gcc/arm-none-eabi/8.2.1/../../../../arm-none-eabi/lib/thumb/v7-m/nofp/libg_nano.a(lib_a-nano-vfprintf_i.o)
                0x0000000008001794                _printf_common
 .text._printf_i
                0x0000000008001880      0x22c /Users/atakane/opt/gcc-arm-none-eabi-8-2018-q4-major/bin/../lib/gcc/arm-none-eabi/8.2.1/../../../../arm-none-eabi/lib/thumb/v7-m/nofp/libg_nano.a(lib_a-nano-vfprintf_i.o)
                0x0000000008001880                _printf_i
 .text.__retarget_lock_acquire_recursive
                0x0000000008001aac        0x2 /Users/atakane/opt/gcc-arm-none-eabi-8-2018-q4-major/bin/../lib/gcc/arm-none-eabi/8.2.1/../../../../arm-none-eabi/lib/thumb/v7-m/nofp/libg_nano.a(lib_a-lock.o)
                0x0000000008001aac                __retarget_lock_acquire_recursive
 .text.__retarget_lock_release_recursive
                0x0000000008001aae        0x2 /Users/atakane/opt/gcc-arm-none-eabi-8-2018-q4-major/bin/../lib/gcc/arm-none-eabi/8.2.1/../../../../arm-none-eabi/lib/thumb/v7-m/nofp/libg_nano.a(lib_a-lock.o)
                0x0000000008001aae                __retarget_lock_release_recursive
 .text.memchr   0x0000000008001ab0       0x1c /Users/atakane/opt/gcc-arm-none-eabi-8-2018-q4-major/bin/../lib/gcc/arm-none-eabi/8.2.1/../../../../arm-none-eabi/lib/thumb/v7-m/nofp/libg_nano.a(lib_a-memchr-stub.o)
                0x0000000008001ab0                memchr
 .text.memmove  0x0000000008001acc       0x34 /Users/atakane/opt/gcc-arm-none-eabi-8-2018-q4-major/bin/../lib/gcc/arm-none-eabi/8.2.1/../../../../arm-none-eabi/lib/thumb/v7-m/nofp/libg_nano.a(lib_a-memmove.o)
                0x0000000008001acc                memmove
 .text._malloc_usable_size_r
                0x0000000008001b00       0x10 /Users/atakane/opt/gcc-arm-none-eabi-8-2018-q4-major/bin/../lib/gcc/arm-none-eabi/8.2.1/../../../../arm-none-eabi/lib/thumb/v7-m/nofp/libg_nano.a(lib_a-nano-msizer.o)
                0x0000000008001b00                _malloc_usable_size_r
 *(.rodata .rodata.* .constdata .constdata.*)
 .rodata.GPIO_DeInit.str1.4
                0x0000000008001b10       0x31 ./system/src/stm32f1-stdperiph/stm32f10x_gpio.o
 *fill*         0x0000000008001b41        0x3 
 .rodata.RCC_HSEConfig.str1.4
                0x0000000008001b44       0x30 ./system/src/stm32f1-stdperiph/stm32f10x_rcc.o
 .rodata.USART_DeInit.str1.4
                0x0000000008001b74       0x32 ./system/src/stm32f1-stdperiph/stm32f10x_usart.o
 *fill*         0x0000000008001ba6        0x2 
 .rodata.abort.str1.4
                0x0000000008001ba8       0x14 ./system/src/newlib/_exit.o
 .rodata.assert_failed.str1.4
                0x0000000008001bbc       0x2b ./system/src/newlib/assert.o
 .rodata.trace_puts.str1.4
                0x0000000008001be7       0x2b ./system/src/diag/Trace.o
                                          0x2 (size before relaxing)
 *fill*         0x0000000008001be7        0x1 
 .rodata.dumpExceptionStack.str1.4
                0x0000000008001be8      0x11a ./system/src/cortexm/exception_handlers.o
 *fill*         0x0000000008001d02        0x2 
 .rodata.str1.4
                0x0000000008001d04       0x2a ./system/src/cortexm/exception_handlers.o
 *fill*         0x0000000008001d2e        0x2 
 .rodata.main.str1.4
                0x0000000008001d30      0x102 ./src/main.o
 *fill*         0x0000000008001e32        0x2 
 .rodata.GSM_GetResponse.str1.4
                0x0000000008001e34        0x6 ./src/sim800.o
 *fill*         0x0000000008001e3a        0x2 
 .rodata.GSM_NetworkConnCheck.str1.4
                0x0000000008001e3c       0x10 ./src/sim800.o
 .rodata.GSM_NetworkConnReg.str1.4
                0x0000000008001e4c        0xc ./src/sim800.o
 .rodata.GSM_Resp_Check.str1.4
                0x0000000008001e58        0x3 ./src/sim800.o
 *fill*         0x0000000008001e5b        0x1 
 .rodata.GSM_SimStatus.str1.4
                0x0000000008001e5c       0x14 ./src/sim800.o
 .rodata.GSM_UnlockSim.str1.4
                0x0000000008001e70       0x10 ./src/sim800.o
                                          0xf (size before relaxing)
 .rodata._svfprintf_r.str1.1
                0x0000000008001e80       0x11 /Users/atakane/opt/gcc-arm-none-eabi-8-2018-q4-major/bin/../lib/gcc/arm-none-eabi/8.2.1/../../../../arm-none-eabi/lib/thumb/v7-m/nofp/libg_nano.a(lib_a-nano-svfprintf.o)
 .rodata._printf_i.str1.1
                0x0000000008001e91       0x22 /Users/atakane/opt/gcc-arm-none-eabi-8-2018-q4-major/bin/../lib/gcc/arm-none-eabi/8.2.1/../../../../arm-none-eabi/lib/thumb/v7-m/nofp/libg_nano.a(lib_a-nano-vfprintf_i.o)
 *(vtable)
 *(.eh_frame*)
 *(.glue_7)
 .glue_7        0x0000000008001eb3        0x0 linker stubs
 *(.glue_7t)
 .glue_7t       0x0000000008001eb3        0x0 linker stubs

.vfp11_veneer   0x0000000008001eb4        0x0
 .vfp11_veneer  0x0000000008001eb4        0x0 linker stubs

.v4_bx          0x0000000008001eb4        0x0
 .v4_bx         0x0000000008001eb4        0x0 linker stubs

.iplt           0x0000000008001eb4        0x0
 .iplt          0x0000000008001eb4        0x0 ./system/src/stm32f1-stdperiph/stm32f10x_gpio.o

.rel.dyn        0x0000000008001eb4        0x0
 .rel.iplt      0x0000000008001eb4        0x0 ./system/src/stm32f1-stdperiph/stm32f10x_gpio.o

.ARM.extab
 *(.ARM.extab* .gnu.linkonce.armextab.*)
                0x0000000008001eb4                . = ALIGN (0x4)
                0x0000000008001eb4                __exidx_start = .

.ARM.exidx
 *(.ARM.exidx* .gnu.linkonce.armexidx.*)
                0x0000000008001eb4                __exidx_end = .
                0x0000000008001eb4                . = ALIGN (0x4)
                0x0000000008001eb4                _etext = .
                0x0000000008001eb4                __etext = .

.data_CCMRAM    0x0000000000000000        0x0 load address 0x0000000008001eb4
 FILL mask 0xff
 *(.data.CCMRAM .data.CCMRAM.*)
                0x0000000000000000                . = ALIGN (0x4)
                0x0000000008001eb4                _sidata = LOADADDR (.data)

.data           0x0000000020000000       0xa0 load address 0x0000000008001eb4
 FILL mask 0xff
                0x0000000020000000                _sdata = .
                0x0000000020000000                __data_start__ = .
 *(.data_begin .data_begin.*)
 .data_begin    0x0000000020000000        0x4 ./system/src/newlib/_startup.o
 *(.data .data.*)
 .data.ADCPrescTable
                0x0000000020000004        0x4 ./system/src/stm32f1-stdperiph/stm32f10x_rcc.o
 .data.APBAHBPrescTable
                0x0000000020000008       0x10 ./system/src/stm32f1-stdperiph/stm32f10x_rcc.o
 .data.argv.4374
                0x0000000020000018        0x8 ./system/src/newlib/_syscalls.o
 .data.AHBPrescTable
                0x0000000020000020       0x10 ./system/src/cmsis/system_stm32f10x.o
                0x0000000020000020                AHBPrescTable
 .data.SystemCoreClock
                0x0000000020000030        0x4 ./system/src/cmsis/system_stm32f10x.o
                0x0000000020000030                SystemCoreClock
 .data.USART_Port
                0x0000000020000034        0x4 ./src/sim800.o
                0x0000000020000034                USART_Port
 .data._impure_ptr
                0x0000000020000038        0x4 /Users/atakane/opt/gcc-arm-none-eabi-8-2018-q4-major/bin/../lib/gcc/arm-none-eabi/8.2.1/../../../../arm-none-eabi/lib/thumb/v7-m/nofp/libg_nano.a(lib_a-impure.o)
                0x0000000020000038                _impure_ptr
 .data.impure_data
                0x000000002000003c       0x60 /Users/atakane/opt/gcc-arm-none-eabi-8-2018-q4-major/bin/../lib/gcc/arm-none-eabi/8.2.1/../../../../arm-none-eabi/lib/thumb/v7-m/nofp/libg_nano.a(lib_a-impure.o)
 *(.data_end .data_end.*)
 .data_end      0x000000002000009c        0x4 ./system/src/newlib/_startup.o
                0x00000000200000a0                . = ALIGN (0x4)
                0x00000000200000a0                _edata = .
                0x00000000200000a0                __data_end__ = .

.igot.plt       0x00000000200000a0        0x0 load address 0x0000000008001f54
 .igot.plt      0x00000000200000a0        0x0 ./system/src/stm32f1-stdperiph/stm32f10x_gpio.o

.bss_CCMRAM     0x0000000000000000        0x0
 *(.bss.CCMRAM .bss.CCMRAM.*)

.bss            0x00000000200000a0      0x1a4
                0x00000000200000a0                __bss_start__ = .
                0x00000000200000a0                _sbss = .
 *(.bss_begin .bss_begin.*)
 .bss_begin     0x00000000200000a0        0x4 ./system/src/newlib/_startup.o
 *(.bss .bss.*)
 .bss.current_heap_end.4004
                0x00000000200000a4        0x4 ./system/src/newlib/_sbrk.o
 .bss.name.4373
                0x00000000200000a8        0x1 ./system/src/newlib/_syscalls.o
 *fill*         0x00000000200000a9        0x3 
 .bss.buf.5248  0x00000000200000ac       0x80 ./system/src/diag/Trace.o
 .bss.sysTickCnt
                0x000000002000012c        0x4 ./src/delay.o
 .bss.__malloc_free_list
                0x0000000020000130        0x4 /Users/atakane/opt/gcc-arm-none-eabi-8-2018-q4-major/bin/../lib/gcc/arm-none-eabi/8.2.1/../../../../arm-none-eabi/lib/thumb/v7-m/nofp/libg_nano.a(lib_a-nano-mallocr.o)
                0x0000000020000130                __malloc_free_list
 .bss.__malloc_sbrk_start
                0x0000000020000134        0x4 /Users/atakane/opt/gcc-arm-none-eabi-8-2018-q4-major/bin/../lib/gcc/arm-none-eabi/8.2.1/../../../../arm-none-eabi/lib/thumb/v7-m/nofp/libg_nano.a(lib_a-nano-mallocr.o)
                0x0000000020000134                __malloc_sbrk_start
 *(COMMON)
 COMMON         0x0000000020000138        0x4 ./system/src/newlib/_syscalls.o
                0x0000000020000138                errno
 COMMON         0x000000002000013c       0xfa ./src/sim800.o
                0x000000002000013c                GSM_CmdStr
 COMMON         0x0000000020000236        0x9 /Users/atakane/opt/gcc-arm-none-eabi-8-2018-q4-major/bin/../lib/gcc/arm-none-eabi/8.2.1/../../../../arm-none-eabi/lib/thumb/v7-m/nofp/libg_nano.a(lib_a-lock.o)
                0x0000000020000236                __lock___atexit_recursive_mutex
                0x0000000020000237                __lock___arc4random_mutex
                0x0000000020000238                __lock___env_recursive_mutex
                0x0000000020000239                __lock___sinit_recursive_mutex
                0x000000002000023a                __lock___malloc_recursive_mutex
                0x000000002000023b                __lock___at_quick_exit_mutex
                0x000000002000023c                __lock___dd_hash_mutex
                0x000000002000023d                __lock___tz_mutex
                0x000000002000023e                __lock___sfp_recursive_mutex
 *(.bss_end .bss_end.*)
 *fill*         0x000000002000023f        0x1 
 .bss_end       0x0000000020000240        0x4 ./system/src/newlib/_startup.o
                0x0000000020000244                . = ALIGN (0x4)
                0x0000000020000244                __bss_end__ = .
                0x0000000020000244                _ebss = .

.noinit_CCMRAM
 *(.noinit.CCMRAM .noinit.CCMRAM.*)

.noinit         0x0000000020000244        0x0
                0x0000000020000244                _noinit = .
 *(.noinit .noinit.*)
                0x0000000020000244                . = ALIGN (0x4)
                0x0000000020000244                _end_noinit = .
                [!provide]                        PROVIDE (end = _end_noinit)
                [!provide]                        PROVIDE (_end = _end_noinit)
                [!provide]                        PROVIDE (__end = _end_noinit)
                [!provide]                        PROVIDE (__end__ = _end_noinit)

._check_stack   0x0000000020000244      0x100
                0x0000000020000344                . = (. + _Minimum_Stack_Size)
 *fill*         0x0000000020000244      0x100 

.b1text
 *(.b1text)
 *(.b1rodata)
 *(.b1rodata.*)

.eb0text
 *(.eb0text)
 *(.eb0rodata)
 *(.eb0rodata.*)

.eb1text
 *(.eb1text)
 *(.eb1rodata)
 *(.eb1rodata.*)

.eb2text
 *(.eb2text)
 *(.eb2rodata)
 *(.eb2rodata.*)

.eb3text
 *(.eb3text)
 *(.eb3rodata)
 *(.eb3rodata.*)

.stab
 *(.stab)

.stabstr
 *(.stabstr)

.stab.excl
 *(.stab.excl)

.stab.exclstr
 *(.stab.exclstr)

.stab.index
 *(.stab.index)

.stab.indexstr
 *(.stab.indexstr)

.comment        0x0000000000000000       0x75
 *(.comment)
 .comment       0x0000000000000000       0x75 ./system/src/stm32f1-stdperiph/stm32f10x_gpio.o
                                         0x76 (size before relaxing)
 .comment       0x0000000000000075       0x76 ./system/src/stm32f1-stdperiph/stm32f10x_rcc.o
 .comment       0x0000000000000075       0x76 ./system/src/stm32f1-stdperiph/stm32f10x_usart.o
 .comment       0x0000000000000075       0x76 ./system/src/newlib/_exit.o
 .comment       0x0000000000000075       0x76 ./system/src/newlib/_sbrk.o
 .comment       0x0000000000000075       0x76 ./system/src/newlib/_startup.o
 .comment       0x0000000000000075       0x76 ./system/src/newlib/_syscalls.o
 .comment       0x0000000000000075       0x76 ./system/src/newlib/assert.o
 .comment       0x0000000000000075       0x76 ./system/src/diag/Trace.o
 .comment       0x0000000000000075       0x76 ./system/src/diag/trace_impl.o
 .comment       0x0000000000000075       0x76 ./system/src/cortexm/_initialize_hardware.o
 .comment       0x0000000000000075       0x76 ./system/src/cortexm/exception_handlers.o
 .comment       0x0000000000000075       0x76 ./system/src/cmsis/system_stm32f10x.o
 .comment       0x0000000000000075       0x76 ./system/src/cmsis/vectors_stm32f10x.o
 .comment       0x0000000000000075       0x76 ./src/delay.o
 .comment       0x0000000000000075       0x76 ./src/main.o
 .comment       0x0000000000000075       0x76 ./src/sim800.o
 .comment       0x0000000000000075       0x76 ./src/usart.o

.ARM.attributes
                0x0000000000000000       0x2b
 .ARM.attributes
                0x0000000000000000       0x2d ./system/src/stm32f1-stdperiph/stm32f10x_gpio.o
 .ARM.attributes
                0x000000000000002d       0x2d ./system/src/stm32f1-stdperiph/stm32f10x_rcc.o
 .ARM.attributes
                0x000000000000005a       0x2d ./system/src/stm32f1-stdperiph/stm32f10x_usart.o
 .ARM.attributes
                0x0000000000000087       0x2d ./system/src/newlib/_exit.o
 .ARM.attributes
                0x00000000000000b4       0x2d ./system/src/newlib/_sbrk.o
 .ARM.attributes
                0x00000000000000e1       0x2d ./system/src/newlib/_startup.o
 .ARM.attributes
                0x000000000000010e       0x2d ./system/src/newlib/_syscalls.o
 .ARM.attributes
                0x000000000000013b       0x2d ./system/src/newlib/assert.o
 .ARM.attributes
                0x0000000000000168       0x2d ./system/src/diag/Trace.o
 .ARM.attributes
                0x0000000000000195       0x2d ./system/src/diag/trace_impl.o
 .ARM.attributes
                0x00000000000001c2       0x2d ./system/src/cortexm/_initialize_hardware.o
 .ARM.attributes
                0x00000000000001ef       0x2d ./system/src/cortexm/exception_handlers.o
 .ARM.attributes
                0x000000000000021c       0x2d ./system/src/cmsis/system_stm32f10x.o
 .ARM.attributes
                0x0000000000000249       0x2d ./system/src/cmsis/vectors_stm32f10x.o
 .ARM.attributes
                0x0000000000000276       0x2d ./src/delay.o
 .ARM.attributes
                0x00000000000002a3       0x2d ./src/main.o
 .ARM.attributes
                0x00000000000002d0       0x2d ./src/sim800.o
 .ARM.attributes
                0x00000000000002fd       0x2d ./src/usart.o
 .ARM.attributes
                0x000000000000032a       0x2d /Users/atakane/opt/gcc-arm-none-eabi-8-2018-q4-major/bin/../lib/gcc/arm-none-eabi/8.2.1/../../../../arm-none-eabi/lib/thumb/v7-m/nofp/libg_nano.a(lib_a-errno.o)
 .ARM.attributes
                0x0000000000000357       0x2d /Users/atakane/opt/gcc-arm-none-eabi-8-2018-q4-major/bin/../lib/gcc/arm-none-eabi/8.2.1/../../../../arm-none-eabi/lib/thumb/v7-m/nofp/libg_nano.a(lib_a-impure.o)
 .ARM.attributes
                0x0000000000000384       0x2d /Users/atakane/opt/gcc-arm-none-eabi-8-2018-q4-major/bin/../lib/gcc/arm-none-eabi/8.2.1/../../../../arm-none-eabi/lib/thumb/v7-m/nofp/libg_nano.a(lib_a-malloc.o)
 .ARM.attributes
                0x00000000000003b1       0x2d /Users/atakane/opt/gcc-arm-none-eabi-8-2018-q4-major/bin/../lib/gcc/arm-none-eabi/8.2.1/../../../../arm-none-eabi/lib/thumb/v7-m/nofp/libg_nano.a(lib_a-memcpy-stub.o)
 .ARM.attributes
                0x00000000000003de       0x2d /Users/atakane/opt/gcc-arm-none-eabi-8-2018-q4-major/bin/../lib/gcc/arm-none-eabi/8.2.1/../../../../arm-none-eabi/lib/thumb/v7-m/nofp/libg_nano.a(lib_a-nano-freer.o)
 .ARM.attributes
                0x000000000000040b       0x2d /Users/atakane/opt/gcc-arm-none-eabi-8-2018-q4-major/bin/../lib/gcc/arm-none-eabi/8.2.1/../../../../arm-none-eabi/lib/thumb/v7-m/nofp/libg_nano.a(lib_a-nano-mallocr.o)
 .ARM.attributes
                0x0000000000000438       0x2d /Users/atakane/opt/gcc-arm-none-eabi-8-2018-q4-major/bin/../lib/gcc/arm-none-eabi/8.2.1/../../../../arm-none-eabi/lib/thumb/v7-m/nofp/libg_nano.a(lib_a-realloc.o)
 .ARM.attributes
                0x0000000000000465       0x2d /Users/atakane/opt/gcc-arm-none-eabi-8-2018-q4-major/bin/../lib/gcc/arm-none-eabi/8.2.1/../../../../arm-none-eabi/lib/thumb/v7-m/nofp/libg_nano.a(lib_a-sbrkr.o)
 .ARM.attributes
                0x0000000000000492       0x2d /Users/atakane/opt/gcc-arm-none-eabi-8-2018-q4-major/bin/../lib/gcc/arm-none-eabi/8.2.1/../../../../arm-none-eabi/lib/thumb/v7-m/nofp/libg_nano.a(lib_a-sprintf.o)
 .ARM.attributes
                0x00000000000004bf       0x17 /Users/atakane/opt/gcc-arm-none-eabi-8-2018-q4-major/bin/../lib/gcc/arm-none-eabi/8.2.1/../../../../arm-none-eabi/lib/thumb/v7-m/nofp/libg_nano.a(lib_a-strlen.o)
 .ARM.attributes
                0x00000000000004d6       0x2d /Users/atakane/opt/gcc-arm-none-eabi-8-2018-q4-major/bin/../lib/gcc/arm-none-eabi/8.2.1/../../../../arm-none-eabi/lib/thumb/v7-m/nofp/libg_nano.a(lib_a-strstr.o)
 .ARM.attributes
                0x0000000000000503       0x2d /Users/atakane/opt/gcc-arm-none-eabi-8-2018-q4-major/bin/../lib/gcc/arm-none-eabi/8.2.1/../../../../arm-none-eabi/lib/thumb/v7-m/nofp/libg_nano.a(lib_a-vsnprintf.o)
 .ARM.attributes
                0x0000000000000530       0x2d /Users/atakane/opt/gcc-arm-none-eabi-8-2018-q4-major/bin/../lib/gcc/arm-none-eabi/8.2.1/../../../../arm-none-eabi/lib/thumb/v7-m/nofp/libg_nano.a(lib_a-mlock.o)
 .ARM.attributes
                0x000000000000055d       0x2d /Users/atakane/opt/gcc-arm-none-eabi-8-2018-q4-major/bin/../lib/gcc/arm-none-eabi/8.2.1/../../../../arm-none-eabi/lib/thumb/v7-m/nofp/libg_nano.a(lib_a-nano-reallocr.o)
 .ARM.attributes
                0x000000000000058a       0x2d /Users/atakane/opt/gcc-arm-none-eabi-8-2018-q4-major/bin/../lib/gcc/arm-none-eabi/8.2.1/../../../../arm-none-eabi/lib/thumb/v7-m/nofp/libg_nano.a(lib_a-nano-svfprintf.o)
 .ARM.attributes
                0x00000000000005b7       0x2d /Users/atakane/opt/gcc-arm-none-eabi-8-2018-q4-major/bin/../lib/gcc/arm-none-eabi/8.2.1/../../../../arm-none-eabi/lib/thumb/v7-m/nofp/libg_nano.a(lib_a-nano-vfprintf_i.o)
 .ARM.attributes
                0x00000000000005e4       0x2d /Users/atakane/opt/gcc-arm-none-eabi-8-2018-q4-major/bin/../lib/gcc/arm-none-eabi/8.2.1/../../../../arm-none-eabi/lib/thumb/v7-m/nofp/libg_nano.a(lib_a-lock.o)
 .ARM.attributes
                0x0000000000000611       0x2d /Users/atakane/opt/gcc-arm-none-eabi-8-2018-q4-major/bin/../lib/gcc/arm-none-eabi/8.2.1/../../../../arm-none-eabi/lib/thumb/v7-m/nofp/libg_nano.a(lib_a-memchr-stub.o)
 .ARM.attributes
                0x000000000000063e       0x2d /Users/atakane/opt/gcc-arm-none-eabi-8-2018-q4-major/bin/../lib/gcc/arm-none-eabi/8.2.1/../../../../arm-none-eabi/lib/thumb/v7-m/nofp/libg_nano.a(lib_a-memmove.o)
 .ARM.attributes
                0x000000000000066b       0x2d /Users/atakane/opt/gcc-arm-none-eabi-8-2018-q4-major/bin/../lib/gcc/arm-none-eabi/8.2.1/../../../../arm-none-eabi/lib/thumb/v7-m/nofp/libg_nano.a(lib_a-nano-msizer.o)

.debug
 *(.debug)

.line
 *(.line)

.debug_srcinfo
 *(.debug_srcinfo)

.debug_sfnames
 *(.debug_sfnames)

.debug_aranges  0x0000000000000000      0x658
 *(.debug_aranges)
 .debug_aranges
                0x0000000000000000       0xa8 ./system/src/stm32f1-stdperiph/stm32f10x_gpio.o
 .debug_aranges
                0x00000000000000a8      0x118 ./system/src/stm32f1-stdperiph/stm32f10x_rcc.o
 .debug_aranges
                0x00000000000001c0      0x100 ./system/src/stm32f1-stdperiph/stm32f10x_usart.o
 .debug_aranges
                0x00000000000002c0       0x28 ./system/src/newlib/_exit.o
 .debug_aranges
                0x00000000000002e8       0x20 ./system/src/newlib/_sbrk.o
 .debug_aranges
                0x0000000000000308       0x40 ./system/src/newlib/_startup.o
 .debug_aranges
                0x0000000000000348       0x30 ./system/src/newlib/_syscalls.o
 .debug_aranges
                0x0000000000000378       0x28 ./system/src/newlib/assert.o
 .debug_aranges
                0x00000000000003a0       0x38 ./system/src/diag/Trace.o
 .debug_aranges
                0x00000000000003d8       0x30 ./system/src/diag/trace_impl.o
 .debug_aranges
                0x0000000000000408       0x28 ./system/src/cortexm/_initialize_hardware.o
 .debug_aranges
                0x0000000000000430       0x90 ./system/src/cortexm/exception_handlers.o
 .debug_aranges
                0x00000000000004c0       0x38 ./system/src/cmsis/system_stm32f10x.o
 .debug_aranges
                0x00000000000004f8       0x20 ./system/src/cmsis/vectors_stm32f10x.o
 .debug_aranges
                0x0000000000000518       0x40 ./src/delay.o
 .debug_aranges
                0x0000000000000558       0x20 ./src/main.o
 .debug_aranges
                0x0000000000000578       0x98 ./src/sim800.o
 .debug_aranges
                0x0000000000000610       0x48 ./src/usart.o

.debug_pubnames
 *(.debug_pubnames)

.debug_info     0x0000000000000000     0xc079
 *(.debug_info .gnu.linkonce.wi.*)
 .debug_info    0x0000000000000000      0xce4 ./system/src/stm32f1-stdperiph/stm32f10x_gpio.o
 .debug_info    0x0000000000000ce4      0xdbb ./system/src/stm32f1-stdperiph/stm32f10x_rcc.o
 .debug_info    0x0000000000001a9f     0x1439 ./system/src/stm32f1-stdperiph/stm32f10x_usart.o
 .debug_info    0x0000000000002ed8      0x9e7 ./system/src/newlib/_exit.o
 .debug_info    0x00000000000038bf      0x9d4 ./system/src/newlib/_sbrk.o
 .debug_info    0x0000000000004293      0x4ce ./system/src/newlib/_startup.o
 .debug_info    0x0000000000004761      0xab9 ./system/src/newlib/_syscalls.o
 .debug_info    0x000000000000521a      0xaaa ./system/src/newlib/assert.o
 .debug_info    0x0000000000005cc4      0xbdb ./system/src/diag/Trace.o
 .debug_info    0x000000000000689f      0x3be ./system/src/diag/trace_impl.o
 .debug_info    0x0000000000006c5d      0x2d6 ./system/src/cortexm/_initialize_hardware.o
 .debug_info    0x0000000000006f33     0x127b ./system/src/cortexm/exception_handlers.o
 .debug_info    0x00000000000081ae      0x4e0 ./system/src/cmsis/system_stm32f10x.o
 .debug_info    0x000000000000868e       0xce ./system/src/cmsis/vectors_stm32f10x.o
 .debug_info    0x000000000000875c      0x688 ./src/delay.o
 .debug_info    0x0000000000008de4      0xdd2 ./src/main.o
 .debug_info    0x0000000000009bb6     0x145c ./src/sim800.o
 .debug_info    0x000000000000b012     0x1067 ./src/usart.o

.debug_abbrev   0x0000000000000000     0x2746
 *(.debug_abbrev)
 .debug_abbrev  0x0000000000000000      0x24b ./system/src/stm32f1-stdperiph/stm32f10x_gpio.o
 .debug_abbrev  0x000000000000024b      0x240 ./system/src/stm32f1-stdperiph/stm32f10x_rcc.o
 .debug_abbrev  0x000000000000048b      0x218 ./system/src/stm32f1-stdperiph/stm32f10x_usart.o
 .debug_abbrev  0x00000000000006a3      0x222 ./system/src/newlib/_exit.o
 .debug_abbrev  0x00000000000008c5      0x232 ./system/src/newlib/_sbrk.o
 .debug_abbrev  0x0000000000000af7      0x1d7 ./system/src/newlib/_startup.o
 .debug_abbrev  0x0000000000000cce      0x26d ./system/src/newlib/_syscalls.o
 .debug_abbrev  0x0000000000000f3b      0x222 ./system/src/newlib/assert.o
 .debug_abbrev  0x000000000000115d      0x2c6 ./system/src/diag/Trace.o
 .debug_abbrev  0x0000000000001423      0x221 ./system/src/diag/trace_impl.o
 .debug_abbrev  0x0000000000001644       0xfc ./system/src/cortexm/_initialize_hardware.o
 .debug_abbrev  0x0000000000001740      0x372 ./system/src/cortexm/exception_handlers.o
 .debug_abbrev  0x0000000000001ab2      0x19d ./system/src/cmsis/system_stm32f10x.o
 .debug_abbrev  0x0000000000001c4f       0xa5 ./system/src/cmsis/vectors_stm32f10x.o
 .debug_abbrev  0x0000000000001cf4      0x21f ./src/delay.o
 .debug_abbrev  0x0000000000001f13      0x278 ./src/main.o
 .debug_abbrev  0x000000000000218b      0x2da ./src/sim800.o
 .debug_abbrev  0x0000000000002465      0x2e1 ./src/usart.o

.debug_line     0x0000000000000000     0x7a40
 *(.debug_line)
 .debug_line    0x0000000000000000      0xce8 ./system/src/stm32f1-stdperiph/stm32f10x_gpio.o
 .debug_line    0x0000000000000ce8      0xdc7 ./system/src/stm32f1-stdperiph/stm32f10x_rcc.o
 .debug_line    0x0000000000001aaf     0x10f4 ./system/src/stm32f1-stdperiph/stm32f10x_usart.o
 .debug_line    0x0000000000002ba3      0x35e ./system/src/newlib/_exit.o
 .debug_line    0x0000000000002f01      0x34f ./system/src/newlib/_sbrk.o
 .debug_line    0x0000000000003250      0x570 ./system/src/newlib/_startup.o
 .debug_line    0x00000000000037c0      0x45d ./system/src/newlib/_syscalls.o
 .debug_line    0x0000000000003c1d      0x3a1 ./system/src/newlib/assert.o
 .debug_line    0x0000000000003fbe      0x43a ./system/src/diag/Trace.o
 .debug_line    0x00000000000043f8      0x6b2 ./system/src/diag/trace_impl.o
 .debug_line    0x0000000000004aaa      0x384 ./system/src/cortexm/_initialize_hardware.o
 .debug_line    0x0000000000004e2e      0x89f ./system/src/cortexm/exception_handlers.o
 .debug_line    0x00000000000056cd      0x590 ./system/src/cmsis/system_stm32f10x.o
 .debug_line    0x0000000000005c5d      0x10f ./system/src/cmsis/vectors_stm32f10x.o
 .debug_line    0x0000000000005d6c      0x460 ./src/delay.o
 .debug_line    0x00000000000061cc      0x6d4 ./src/main.o
 .debug_line    0x00000000000068a0      0x91a ./src/sim800.o
 .debug_line    0x00000000000071ba      0x886 ./src/usart.o

.debug_frame    0x0000000000000000     0x1428
 *(.debug_frame)
 .debug_frame   0x0000000000000000      0x1e8 ./system/src/stm32f1-stdperiph/stm32f10x_gpio.o
 .debug_frame   0x00000000000001e8      0x320 ./system/src/stm32f1-stdperiph/stm32f10x_rcc.o
 .debug_frame   0x0000000000000508      0x320 ./system/src/stm32f1-stdperiph/stm32f10x_usart.o
 .debug_frame   0x0000000000000828       0x38 ./system/src/newlib/_exit.o
 .debug_frame   0x0000000000000860       0x28 ./system/src/newlib/_sbrk.o
 .debug_frame   0x0000000000000888       0x7c ./system/src/newlib/_startup.o
 .debug_frame   0x0000000000000904       0x50 ./system/src/newlib/_syscalls.o
 .debug_frame   0x0000000000000954       0x40 ./system/src/newlib/assert.o
 .debug_frame   0x0000000000000994       0x94 ./system/src/diag/Trace.o
 .debug_frame   0x0000000000000a28       0x64 ./system/src/diag/trace_impl.o
 .debug_frame   0x0000000000000a8c       0x40 ./system/src/cortexm/_initialize_hardware.o
 .debug_frame   0x0000000000000acc      0x158 ./system/src/cortexm/exception_handlers.o
 .debug_frame   0x0000000000000c24       0x6c ./system/src/cmsis/system_stm32f10x.o
 .debug_frame   0x0000000000000c90       0x20 ./system/src/cmsis/vectors_stm32f10x.o
 .debug_frame   0x0000000000000cb0       0x68 ./src/delay.o
 .debug_frame   0x0000000000000d18       0x28 ./src/main.o
 .debug_frame   0x0000000000000d40      0x1ac ./src/sim800.o
 .debug_frame   0x0000000000000eec       0xac ./src/usart.o
 .debug_frame   0x0000000000000f98       0x20 /Users/atakane/opt/gcc-arm-none-eabi-8-2018-q4-major/bin/../lib/gcc/arm-none-eabi/8.2.1/../../../../arm-none-eabi/lib/thumb/v7-m/nofp/libg_nano.a(lib_a-errno.o)
 .debug_frame   0x0000000000000fb8       0x30 /Users/atakane/opt/gcc-arm-none-eabi-8-2018-q4-major/bin/../lib/gcc/arm-none-eabi/8.2.1/../../../../arm-none-eabi/lib/thumb/v7-m/nofp/libg_nano.a(lib_a-malloc.o)
 .debug_frame   0x0000000000000fe8       0x28 /Users/atakane/opt/gcc-arm-none-eabi-8-2018-q4-major/bin/../lib/gcc/arm-none-eabi/8.2.1/../../../../arm-none-eabi/lib/thumb/v7-m/nofp/libg_nano.a(lib_a-memcpy-stub.o)
 .debug_frame   0x0000000000001010       0x38 /Users/atakane/opt/gcc-arm-none-eabi-8-2018-q4-major/bin/../lib/gcc/arm-none-eabi/8.2.1/../../../../arm-none-eabi/lib/thumb/v7-m/nofp/libg_nano.a(lib_a-nano-freer.o)
 .debug_frame   0x0000000000001048       0x30 /Users/atakane/opt/gcc-arm-none-eabi-8-2018-q4-major/bin/../lib/gcc/arm-none-eabi/8.2.1/../../../../arm-none-eabi/lib/thumb/v7-m/nofp/libg_nano.a(lib_a-nano-mallocr.o)
 .debug_frame   0x0000000000001078       0x20 /Users/atakane/opt/gcc-arm-none-eabi-8-2018-q4-major/bin/../lib/gcc/arm-none-eabi/8.2.1/../../../../arm-none-eabi/lib/thumb/v7-m/nofp/libg_nano.a(lib_a-realloc.o)
 .debug_frame   0x0000000000001098       0x2c /Users/atakane/opt/gcc-arm-none-eabi-8-2018-q4-major/bin/../lib/gcc/arm-none-eabi/8.2.1/../../../../arm-none-eabi/lib/thumb/v7-m/nofp/libg_nano.a(lib_a-sbrkr.o)
 .debug_frame   0x00000000000010c4       0x6c /Users/atakane/opt/gcc-arm-none-eabi-8-2018-q4-major/bin/../lib/gcc/arm-none-eabi/8.2.1/../../../../arm-none-eabi/lib/thumb/v7-m/nofp/libg_nano.a(lib_a-sprintf.o)
 .debug_frame   0x0000000000001130       0x30 /Users/atakane/opt/gcc-arm-none-eabi-8-2018-q4-major/bin/../lib/gcc/arm-none-eabi/8.2.1/../../../../arm-none-eabi/lib/thumb/v7-m/nofp/libg_nano.a(lib_a-strstr.o)
 .debug_frame   0x0000000000001160       0x4c /Users/atakane/opt/gcc-arm-none-eabi-8-2018-q4-major/bin/../lib/gcc/arm-none-eabi/8.2.1/../../../../arm-none-eabi/lib/thumb/v7-m/nofp/libg_nano.a(lib_a-vsnprintf.o)
 .debug_frame   0x00000000000011ac       0x30 /Users/atakane/opt/gcc-arm-none-eabi-8-2018-q4-major/bin/../lib/gcc/arm-none-eabi/8.2.1/../../../../arm-none-eabi/lib/thumb/v7-m/nofp/libg_nano.a(lib_a-mlock.o)
 .debug_frame   0x00000000000011dc       0x3c /Users/atakane/opt/gcc-arm-none-eabi-8-2018-q4-major/bin/../lib/gcc/arm-none-eabi/8.2.1/../../../../arm-none-eabi/lib/thumb/v7-m/nofp/libg_nano.a(lib_a-nano-reallocr.o)
 .debug_frame   0x0000000000001218       0x90 /Users/atakane/opt/gcc-arm-none-eabi-8-2018-q4-major/bin/../lib/gcc/arm-none-eabi/8.2.1/../../../../arm-none-eabi/lib/thumb/v7-m/nofp/libg_nano.a(lib_a-nano-svfprintf.o)
 .debug_frame   0x00000000000012a8       0x60 /Users/atakane/opt/gcc-arm-none-eabi-8-2018-q4-major/bin/../lib/gcc/arm-none-eabi/8.2.1/../../../../arm-none-eabi/lib/thumb/v7-m/nofp/libg_nano.a(lib_a-nano-vfprintf_i.o)
 .debug_frame   0x0000000000001308       0xb0 /Users/atakane/opt/gcc-arm-none-eabi-8-2018-q4-major/bin/../lib/gcc/arm-none-eabi/8.2.1/../../../../arm-none-eabi/lib/thumb/v7-m/nofp/libg_nano.a(lib_a-lock.o)
 .debug_frame   0x00000000000013b8       0x28 /Users/atakane/opt/gcc-arm-none-eabi-8-2018-q4-major/bin/../lib/gcc/arm-none-eabi/8.2.1/../../../../arm-none-eabi/lib/thumb/v7-m/nofp/libg_nano.a(lib_a-memchr-stub.o)
 .debug_frame   0x00000000000013e0       0x28 /Users/atakane/opt/gcc-arm-none-eabi-8-2018-q4-major/bin/../lib/gcc/arm-none-eabi/8.2.1/../../../../arm-none-eabi/lib/thumb/v7-m/nofp/libg_nano.a(lib_a-memmove.o)
 .debug_frame   0x0000000000001408       0x20 /Users/atakane/opt/gcc-arm-none-eabi-8-2018-q4-major/bin/../lib/gcc/arm-none-eabi/8.2.1/../../../../arm-none-eabi/lib/thumb/v7-m/nofp/libg_nano.a(lib_a-nano-msizer.o)

.debug_str      0x0000000000000000    0x57e02
 *(.debug_str)
 .debug_str     0x0000000000000000    0x4ec7c ./system/src/stm32f1-stdperiph/stm32f10x_gpio.o
                                      0x4ee09 (size before relaxing)
 .debug_str     0x000000000004ec7c      0xb4a ./system/src/stm32f1-stdperiph/stm32f10x_rcc.o
                                      0x4f3d8 (size before relaxing)
 .debug_str     0x000000000004f7c6      0x834 ./system/src/stm32f1-stdperiph/stm32f10x_usart.o
                                      0x4f142 (size before relaxing)
 .debug_str     0x000000000004fffa     0x4efd ./system/src/newlib/_exit.o
                                       0x7e9a (size before relaxing)
 .debug_str     0x0000000000054ef7      0x4f5 ./system/src/newlib/_sbrk.o
                                       0x724c (size before relaxing)
 .debug_str     0x00000000000553ec      0x260 ./system/src/newlib/_startup.o
                                       0x6987 (size before relaxing)
 .debug_str     0x000000000005564c      0xf90 ./system/src/newlib/_syscalls.o
                                       0x823b (size before relaxing)
 .debug_str     0x00000000000565dc       0xd0 ./system/src/newlib/assert.o
                                       0x899f (size before relaxing)
 .debug_str     0x00000000000566ac      0x819 ./system/src/diag/Trace.o
                                       0x8612 (size before relaxing)
 .debug_str     0x0000000000056ec5      0x37b ./system/src/diag/trace_impl.o
                                      0x529f8 (size before relaxing)
 .debug_str     0x0000000000057240       0xb2 ./system/src/cortexm/_initialize_hardware.o
                                      0x4e8f3 (size before relaxing)
 .debug_str     0x00000000000572f2      0x19d ./system/src/cortexm/exception_handlers.o
                                      0x53c1d (size before relaxing)
 .debug_str     0x000000000005748f       0x96 ./system/src/cmsis/system_stm32f10x.o
                                      0x4e98d (size before relaxing)
 .debug_str     0x0000000000057525       0x57 ./system/src/cmsis/vectors_stm32f10x.o
                                       0x3932 (size before relaxing)
 .debug_str     0x000000000005757c      0x39e ./src/delay.o
                                      0x4ec25 (size before relaxing)
 .debug_str     0x000000000005791a      0x36c ./src/main.o
                                      0x542c7 (size before relaxing)
 .debug_str     0x0000000000057c86      0x111 ./src/sim800.o
                                      0x5343e (size before relaxing)
 .debug_str     0x0000000000057d97       0x6b ./src/usart.o
                                      0x53272 (size before relaxing)

.debug_loc      0x0000000000000000     0x39f5
 *(.debug_loc)
 .debug_loc     0x0000000000000000      0x9f6 ./system/src/stm32f1-stdperiph/stm32f10x_gpio.o
 .debug_loc     0x00000000000009f6      0xd2e ./system/src/stm32f1-stdperiph/stm32f10x_rcc.o
 .debug_loc     0x0000000000001724      0xdc3 ./system/src/stm32f1-stdperiph/stm32f10x_usart.o
 .debug_loc     0x00000000000024e7       0x15 ./system/src/newlib/_exit.o
 .debug_loc     0x00000000000024fc       0x97 ./system/src/newlib/_sbrk.o
 .debug_loc     0x0000000000002593      0x2a6 ./system/src/newlib/_startup.o
 .debug_loc     0x0000000000002839       0x6f ./system/src/newlib/_syscalls.o
 .debug_loc     0x00000000000028a8      0x160 ./system/src/newlib/assert.o
 .debug_loc     0x0000000000002a08      0x118 ./system/src/diag/Trace.o
 .debug_loc     0x0000000000002b20      0x1a1 ./system/src/diag/trace_impl.o
 .debug_loc     0x0000000000002cc1      0x35c ./system/src/cortexm/exception_handlers.o
 .debug_loc     0x000000000000301d       0xff ./system/src/cmsis/system_stm32f10x.o
 .debug_loc     0x000000000000311c       0x85 ./src/delay.o
 .debug_loc     0x00000000000031a1       0xba ./src/main.o
 .debug_loc     0x000000000000325b      0x39f ./src/sim800.o
 .debug_loc     0x00000000000035fa      0x3fb ./src/usart.o

.debug_macinfo
 *(.debug_macinfo)

.debug_weaknames
 *(.debug_weaknames)

.debug_funcnames
 *(.debug_funcnames)

.debug_typenames
 *(.debug_typenames)

.debug_varnames
 *(.debug_varnames)
OUTPUT(SmartTracker.elf elf32-littlearm)

.debug_ranges   0x0000000000000000      0x580
 .debug_ranges  0x0000000000000000       0x98 ./system/src/stm32f1-stdperiph/stm32f10x_gpio.o
 .debug_ranges  0x0000000000000098      0x108 ./system/src/stm32f1-stdperiph/stm32f10x_rcc.o
 .debug_ranges  0x00000000000001a0       0xf0 ./system/src/stm32f1-stdperiph/stm32f10x_usart.o
 .debug_ranges  0x0000000000000290       0x18 ./system/src/newlib/_exit.o
 .debug_ranges  0x00000000000002a8       0x10 ./system/src/newlib/_sbrk.o
 .debug_ranges  0x00000000000002b8       0x48 ./system/src/newlib/_startup.o
 .debug_ranges  0x0000000000000300       0x20 ./system/src/newlib/_syscalls.o
 .debug_ranges  0x0000000000000320       0x18 ./system/src/newlib/assert.o
 .debug_ranges  0x0000000000000338       0x28 ./system/src/diag/Trace.o
 .debug_ranges  0x0000000000000360       0x38 ./system/src/diag/trace_impl.o
 .debug_ranges  0x0000000000000398       0x18 ./system/src/cortexm/_initialize_hardware.o
 .debug_ranges  0x00000000000003b0       0x98 ./system/src/cortexm/exception_handlers.o
 .debug_ranges  0x0000000000000448       0x28 ./system/src/cmsis/system_stm32f10x.o
 .debug_ranges  0x0000000000000470       0x10 ./system/src/cmsis/vectors_stm32f10x.o
 .debug_ranges  0x0000000000000480       0x30 ./src/delay.o
 .debug_ranges  0x00000000000004b0       0x10 ./src/main.o
 .debug_ranges  0x00000000000004c0       0x88 ./src/sim800.o
 .debug_ranges  0x0000000000000548       0x38 ./src/usart.o

.debug_macro    0x0000000000000000     0x446c
 .debug_macro   0x0000000000000000      0x1b9 ./system/src/stm32f1-stdperiph/stm32f10x_gpio.o
 .debug_macro   0x00000000000001b9       0x8b ./system/src/stm32f1-stdperiph/stm32f10x_gpio.o
 .debug_macro   0x0000000000000244      0x2a6 ./system/src/stm32f1-stdperiph/stm32f10x_gpio.o
 .debug_macro   0x00000000000004ea      0x287 ./system/src/stm32f1-stdperiph/stm32f10x_rcc.o
 .debug_macro   0x0000000000000771      0x3dc ./system/src/stm32f1-stdperiph/stm32f10x_rcc.o
 .debug_macro   0x0000000000000b4d      0x21f ./system/src/stm32f1-stdperiph/stm32f10x_usart.o
 .debug_macro   0x0000000000000d6c      0x21c ./system/src/stm32f1-stdperiph/stm32f10x_usart.o
 .debug_macro   0x0000000000000f88      0x1b4 ./system/src/newlib/_exit.o
 .debug_macro   0x000000000000113c       0x34 ./system/src/newlib/_exit.o
 .debug_macro   0x0000000000001170      0x10e ./system/src/newlib/_exit.o
 .debug_macro   0x000000000000127e       0x8d ./system/src/newlib/_exit.o
 .debug_macro   0x000000000000130b       0x43 ./system/src/newlib/_exit.o
 .debug_macro   0x000000000000134e      0x339 ./system/src/newlib/_exit.o
 .debug_macro   0x0000000000001687       0x35 ./system/src/newlib/_exit.o
 .debug_macro   0x00000000000016bc      0x169 ./system/src/newlib/_sbrk.o
 .debug_macro   0x0000000000001825      0x174 ./system/src/newlib/_sbrk.o
 .debug_macro   0x0000000000001999       0x10 ./system/src/newlib/_sbrk.o
 .debug_macro   0x00000000000019a9      0x23b ./system/src/newlib/_sbrk.o
 .debug_macro   0x0000000000001be4      0x173 ./system/src/newlib/_startup.o
 .debug_macro   0x0000000000001d57      0x226 ./system/src/newlib/_syscalls.o
 .debug_macro   0x0000000000001f7d       0x1c ./system/src/newlib/_syscalls.o
 .debug_macro   0x0000000000001f99       0x10 ./system/src/newlib/_syscalls.o
 .debug_macro   0x0000000000001fa9       0x10 ./system/src/newlib/_syscalls.o
 .debug_macro   0x0000000000001fb9       0x10 ./system/src/newlib/_syscalls.o
 .debug_macro   0x0000000000001fc9       0x35 ./system/src/newlib/_syscalls.o
 .debug_macro   0x0000000000001ffe      0x122 ./system/src/newlib/_syscalls.o
 .debug_macro   0x0000000000002120       0x88 ./system/src/newlib/_syscalls.o
 .debug_macro   0x00000000000021a8       0x7c ./system/src/newlib/_syscalls.o
 .debug_macro   0x0000000000002224       0x17 ./system/src/newlib/_syscalls.o
 .debug_macro   0x000000000000223b      0x118 ./system/src/newlib/_syscalls.o
 .debug_macro   0x0000000000002353      0x189 ./system/src/newlib/_syscalls.o
 .debug_macro   0x00000000000024dc       0x16 ./system/src/newlib/_syscalls.o
 .debug_macro   0x00000000000024f2      0x1d0 ./system/src/newlib/assert.o
 .debug_macro   0x00000000000026c2       0x1c ./system/src/newlib/assert.o
 .debug_macro   0x00000000000026de      0x1fb ./system/src/diag/Trace.o
 .debug_macro   0x00000000000028d9       0x16 ./system/src/diag/Trace.o
 .debug_macro   0x00000000000028ef       0x97 ./system/src/diag/Trace.o
 .debug_macro   0x0000000000002986       0xfd ./system/src/diag/Trace.o
 .debug_macro   0x0000000000002a83       0x10 ./system/src/diag/Trace.o
 .debug_macro   0x0000000000002a93       0x16 ./system/src/diag/Trace.o
 .debug_macro   0x0000000000002aa9      0x16f ./system/src/diag/Trace.o
 .debug_macro   0x0000000000002c18       0x4c ./system/src/diag/Trace.o
 .debug_macro   0x0000000000002c64       0x16 ./system/src/diag/Trace.o
 .debug_macro   0x0000000000002c7a      0x2da ./system/src/diag/trace_impl.o
 .debug_macro   0x0000000000002f54       0x10 ./system/src/diag/trace_impl.o
 .debug_macro   0x0000000000002f64       0xcf ./system/src/diag/trace_impl.o
 .debug_macro   0x0000000000003033       0xbe ./system/src/diag/trace_impl.o
 .debug_macro   0x00000000000030f1       0x22 ./system/src/diag/trace_impl.o
 .debug_macro   0x0000000000003113      0x16b ./system/src/cortexm/_initialize_hardware.o
 .debug_macro   0x000000000000327e      0x324 ./system/src/cortexm/exception_handlers.o
 .debug_macro   0x00000000000035a2       0x3b ./system/src/cortexm/exception_handlers.o
 .debug_macro   0x00000000000035dd       0x10 ./system/src/cortexm/exception_handlers.o
 .debug_macro   0x00000000000035ed      0x16e ./system/src/cmsis/system_stm32f10x.o
 .debug_macro   0x000000000000375b       0x34 ./system/src/cmsis/vectors_stm32f10x.o
 .debug_macro   0x000000000000378f      0x16b ./src/delay.o
 .debug_macro   0x00000000000038fa      0x396 ./src/main.o
 .debug_macro   0x0000000000003c90       0x2e ./src/main.o
 .debug_macro   0x0000000000003cbe       0x76 ./src/main.o
 .debug_macro   0x0000000000003d34      0x36d ./src/sim800.o
 .debug_macro   0x00000000000040a1       0x28 ./src/sim800.o
 .debug_macro   0x00000000000040c9       0x70 ./src/sim800.o
 .debug_macro   0x0000000000004139      0x333 ./src/usart.o
